Next  - A frozen game in Chrome no longer sinks every run after it.
  - The game sometimes freezes in the browser until F5. The run failed, left that Chrome open,
    and every later run found it, attached to the same frozen tab and failed again, in a loop.
  - A browser found already open is now checked before it is used (the tab must run JavaScript
    and render a frame); one that does not answer is closed - even though this run did not
    open it - and launched fresh.
  - When no profile of an account can be collected, the browser is closed, reopened and the
    account tried once more. New setting 'execution.restart_browser_on_failure' (on by default).

Next  - Optional GPU acceleration for RapidOCR, and a stale-package fix.
  - New 'ocr.use_gpu' setting runs RapidOCR's detection and recognition models on the graphics
    card through DirectML instead of the CPU. It works with any DirectX 12 GPU (NVIDIA/AMD/Intel)
    on Windows 10+, with no CUDA/cuDNN version to match - only 'onnxruntime-directml' in place of
    plain 'onnxruntime' (see requirements.txt). Off by default: measured on an RTX 4050 with the
    current PP-OCRv6 models, 403 ms per panel on 4 CPU threads dropped to 103 ms on the GPU, same
    text read back both ways, but the payoff depends on the GPU actually in the machine - an older
    or integrated one can come out slower for a model this small. tools/benchmark_ocr.py measures
    a given machine before the setting is turned on there.
  - Found while investigating a collection-speed report: this machine's Python had
    'rapidocr-onnxruntime' 1.4.4 installed - the OLD package (capped there, older PP-OCRv4 models) -
    instead of the 'rapidocr>=3.0.0' requirements.txt asks for. Both work, but the project's OCR
    tuning (thread key, TINY/hybrid notes in core/ocr.py) was measured against the new package, so
    a machine still on the old one is not running what the code was tuned for. utils/check_env.py
    now says which package is active and how to fix it; the OCR speed complaint itself traced to
    the RapidOCR-first engine swap of 2.0.5 (necessary for the accuracy it bought - see that entry)
    rather than to this, but it is worth fixing on any machine that has drifted onto the old package.

Next  - Run heartbeat for the site's monitoring:
  - Every run writes running/success/partial/failed/cancelled to the site's job_runs table in each
    database it collects into (database/job_runs.py); older sites without the table are skipped.
  - Fixed: a profile that failed an attempt and succeeded on the retry was counted as a failure,
    making the run exit with code 1.

2.0.6 - OCR diagnostics and fallback improvements:
  - Added clear visibility and alerts in the calibration wizard and runner preflight when RapidOCR is unavailable.
  - Improved Tesseract fallback: wide horizontal gap splitting prevents adjacent columns from merging into broken single lines.
  - Added environment verification tool (Check_Environment.bat) to diagnose Python, RapidOCR, ONNXRuntime, VC++ Redistributable, and Tesseract.

0.1   - Initial release.
0.2   - Multiple accounts support.
1.5.0 - Modular redesign (Core, Database, Config, Modules) and OCR-based account switching.
1.5.1 - Faster collection (~6s -> under 0.5s per chest) and account list scrolling fixes.
2.0.0 - Browser-based rewrite: new OCR engine, calibration wizard, 4-at-a-time collection.
  - Browser (CDP): the game runs in Chrome driven by the DevTools Protocol; the desktop app
    and all window/pyautogui code are gone, and clicks now use page coordinates.
  - Accounts and profiles: each account keeps its own credentials, cities and Chrome profile,
    so its verified session survives between runs and no login is needed on every run.
  - New OCR engine: Tesseract first, RapidOCR only on demand. Measured on the real chest
    panel, all at 100% accuracy: Tesseract 310 ms, RapidOCR 462 ms, onnxtr 1040 ms.
  - The database teaches the OCR: members, chest origins, history and manual corrections are
    loaded per profile, and a field recognized there skips the slow engine entirely.
  - 4-at-a-time collection: one capture and one OCR pass per panel of 4 chests, clicked
    bottom-up. 2278 ms -> 212 ms per chest; 1000 chests drop from 38 to 3.5 minutes.
  - Calibration wizard: points, areas and reference images recorded over a game capture, with
    magnifier and per-step viewport. "Test this step" clicks and measures if the screen moved.
  - Configuration UI (run.bat config): every setting, accounts, profiles and databases with
    connection test, calibration and a test run with live log.
  - Unreadable chests become a review queue with the PNG crop, handled in the web interface.
2.0.2 - Translation and localization fixes:
  - Translated complete documentation (README.md), startup/installer batch scripts, and command-line interfaces to English.
  - Full English UI localization: configuration interface, calibration wizard, schema definitions, tooltips, dialogs, and popups.
  - Standardized all application logs, exception messages, cancellation tokens, and database status messages to English.

2.0.5 - OCR engines swapped round, measured on 314 real chest panels.
  - The corpus: every panel saved before its chests were clicked, 3750 lines over 1250 chests,
    the same images then fed to each engine in its own process. The measurement that set the
    old arrangement had used a single panel.
  - RapidOCR now reads and Tesseract is consulted only about words mixing digits with
    digit-shaped letters. Of 257 lines whose spelling was checked against the panel by eye,
    the old arrangement got 204 wrong and this one gets 8.
  - The premise the old arrangement rested on is no longer true: RapidOCR's PP-OCRv6 models
    do carry Latin diacritics. It returned 42 accented lines against Tesseract's 13 and was
    right on every contested one, each of which Tesseract had got wrong: it dropped the cedilla
    from a Turkish surname, turned another Turkish name into a different name entirely, put the
    wrong mark on an o (two different wrong marks, on different panels), lowercased the L in
    VaLi, uppercased the i in EMiRBeY, and read a superscript two as a question mark.
  - The confidence gate is gone. It fired on 14 of 315 reads while 204 lines went out wrong:
    Tesseract is not hesitant about these names, it is confident and wrong. Tesseract also
    spelt three players two ways each, splitting one person's chests across two database rows;
    the new arrangement spelt none of them two ways.
  - Fixed: ocr.threads had been doing nothing since the rapidocr package was renamed. The key
    moved to EngineConfig.onnxruntime.intra_op_num_threads and the library accepts unknown keys
    without raising, so every read had silently run at the package default. Reads went from
    1231 ms to 551 ms per panel. The value is now read back after construction and a warning is
    logged if it did not apply.
  - Speeds per panel after that fix: RapidOCR TINY 131 ms, Tesseract 258 ms, RapidOCR 551 ms,
    the combination 557 ms. A 1200-chest run spends about three minutes inside the engine.
  - Limit worth knowing: the error counts come from the 257 lines the engines disagreed about.
    The other 3493 were read identically by all of them, so a shared mistake would not show up.
    The counts are a floor, not a ceiling.
  - Added: a warning when the text comes back too small to read well. A run collected for
    thirty minutes off a degraded picture - words glued together on more chests than it
    collected, every accent dropped, one player split across six spellings - and nothing in
    the log said anything was wrong; it was only found by reading the database afterwards.
    Two clean runs read the panel at a median 15 page pixels per line (1222 lines, tenth
    percentile 14), so a median under 12 now says so once per run, in the first panel instead
    of in the database three hours later. Measured in page pixels, so the threshold does not
    move with ocr.capture_scale.

2.0.6 - Calibration wizard improvements.
  - The two optional store steps come first. The store is what covers everything else - the
    game opens it by itself - so marking it and its X, and closing it, is now what clears the
    screen before the profile and clan steps rather than being asked for at the end.
  - "Advance automatically" now performs the step. Marking a button and moving on left the
    game a screen behind: the next step asked for something inside a menu whose button had
    just been marked but never pressed, so the whole sequence had to be navigated by hand
    while calibrating. Each step that marks a button now presses it, waits, takes a fresh
    capture and only then opens the next step. If the click changes nothing on screen the
    wizard stays where it is and says so, instead of walking on over the wrong screen.
    Steps that only mark an area to read have nothing to press and just recapture. The
    'Open' button is never pressed automatically: that would consume a chest nothing records.
  - New "Test chest capture" button. The three chest steps only work together - the button is
    found by its picture and each chest's text is placed relative to the button found for it -
    so testing them one at a time proved nothing. It now runs the collector's own detection
    against the live screen and draws the answer: a box per button, a box per text area, and
    what was read in each one, so four chests can be confirmed before a run instead of after.
  - Account fields have labels. A placeholder is not a label: it disappears as soon as
    something is typed, which left a filled-in account as four anonymous boxes. The profile
    rows got column names for the same reason.

2.0.8 - Chests are dated by when the game made them, not by when they were read.
  - `collected_at` now holds the chest's generation time, worked out from the countdown the
    panel prints beside it: a chest is born showing '19 h : 59 m' and falls from there, so
    '12 h : 40 m' left means it was generated 7h19 ago. Before, every chest in a run carried
    the minute the collector happened to reach it - a chest made at 10:51 was stored at 18:11.
    A run takes minutes but the chests in it are up to twenty hours old, and with the game's
    day rolling over at 14:00 that moved whole mornings of chests into the next day's count.
  - Where the countdown cannot be read the row is left for the database to stamp on arrival,
    as before, and the log line says so for that chest. Databases without the column are
    unaffected: the column is asked for once and skipped where it does not exist.
  - The panel's right-hand column no longer leaks into the text. The chest area now spans the
    countdown and the 'Open' button, so the reading came back as 'From: Night King Time left:
    12h:44m' and 'Source: Epic Chimera squad Open' - the button's caption was being stored as
    part of the source. The column is cut off by where things are printed, not by what they
    say: a box carrying part of a countdown, or one starting where the 'Open' button was
    found, begins the column, and whatever is pressed tight against it (the label, the
    hourglass) goes with it. No wording in any language is matched.
  - "Test chest capture" in the calibration wizard reads exactly as the run does and shows
    each chest's countdown and the generation time it would store, so a calibration that
    cannot read the countdown is visible before a run rather than after.
