[2026-08-28 23:00:11] [INFO   ] [TBCollector] Starting Total Battle Collector at 2026-08-28 23:00:11
[2026-08-28 23:00:11] [INFO   ] [TBCollector] Checking if Total Battle is already running...
[2026-08-28 23:00:11] [INFO   ] [TBCollector] Total Battle is not open. Attempting to launch...
[2026-08-28 23:00:11] [INFO   ] [TBCollector] Starting Total Battle Launcher...
[2026-08-28 23:00:12] [INFO   ] [TBCollector] Waiting 15.0s for launcher to start...
[2026-08-28 23:00:27] [INFO   ] [TBCollector] Window 'MainWindow' activated and maximized.
[2026-08-28 23:00:27] [INFO   ] [TBCollector] Clicking Play button at (934, 789)...
[2026-08-28 23:00:38] [INFO   ] [TBCollector] Window 'Total Battle' activated and maximized.
[2026-08-28 23:00:39] [INFO   ] [TBCollector] === Starting Account #1 [account_main]: 'Crash BR' ===
[2026-08-28 23:00:39] [INFO   ] [TBCollector] Account 'Crash BR' active check: False
[2026-08-28 23:00:39] [INFO   ] [TBCollector] Attempt #1 to select account 'Crash BR'
[2026-08-28 23:00:40] [INFO   ] [TBCollector] Account 'Crash BR' not found in current view.
[2026-08-28 23:00:40] [INFO   ] [TBCollector] Scrolling down accounts list...
[2026-08-28 23:00:42] [INFO   ] [TBCollector] Attempt #2 to select account 'Crash BR'
[2026-08-28 23:00:44] [INFO   ] [TBCollector] Account 'Crash BR' not found in current view.
[2026-08-28 23:00:44] [ERROR  ] [TBCollector] Account 'Crash BR' not found after scrolling.
[2026-08-28 23:00:44] [ERROR  ] [TBCollector] Could not switch to account 'Crash BR'. Skipping to next.
[2026-08-28 23:00:44] [INFO   ] [TBCollector] === Starting Account #2 [account_university]: 'Cash BR' ===
[2026-08-28 23:00:44] [INFO   ] [TBCollector] Account 'Cash BR' active check: False
[2026-08-28 23:00:44] [INFO   ] [TBCollector] Attempt #1 to select account 'Cash BR'
[2026-08-28 23:00:46] [INFO   ] [TBCollector] Found word 'BR' for target 'Cash BR' at (1306, 415)
[2026-08-28 23:00:46] [INFO   ] [TBCollector] Account 'Cash BR' located at (1306, 415). Clicking...
[2026-08-28 23:00:48] [WARNING] [TBCollector] Progress confirmation button not found.
[2026-08-28 23:00:48] [INFO   ] [TBCollector] Account 'Cash BR' active check: False
[2026-08-28 23:00:48] [WARNING] [TBCollector] Active account does not match 'Cash BR'. Skipping collection.
[2026-08-28 23:00:48] [INFO   ] [TBCollector] === Starting Account #3 [account_academy]: 'CP city 2' ===
[2026-08-28 23:00:48] [INFO   ] [TBCollector] Account 'CP city 2' active check: False
[2026-08-28 23:00:48] [INFO   ] [TBCollector] Attempt #1 to select account 'CP city 2'
[2026-08-28 23:00:50] [INFO   ] [TBCollector] Found word 'city' for target 'CP city 2' at (901, 696)
[2026-08-28 23:00:50] [INFO   ] [TBCollector] Account 'CP city 2' located at (901, 696). Clicking...
[2026-08-28 23:00:53] [INFO   ] [TBCollector] Clicked progress confirmation button at (1058, 644).
[2026-08-28 23:00:53] [INFO   ] [TBCollector] Waiting 15.0s for account switch to complete...
[2026-08-28 23:01:09] [INFO   ] [TBCollector] Window 'Total Battle' activated and maximized.
[2026-08-28 23:01:09] [INFO   ] [TBCollector] Store screen detected. Looking for 'X' button...
[2026-08-28 23:01:11] [INFO   ] [TBCollector] Store popup closed successfully.
[2026-08-28 23:01:11] [INFO   ] [TBCollector] Account 'CP city 2' active check: False
[2026-08-28 23:01:11] [WARNING] [TBCollector] Active account does not match 'CP city 2'. Skipping collection.
[2026-08-28 23:01:11] [INFO   ] [TBCollector] ==================================================
[2026-08-28 23:01:11] [INFO   ] [TBCollector] ALL ACCOUNTS FINISHED: 0 collected, 0 incomplete/errors.
[2026-08-28 23:01:11] [INFO   ] [TBCollector] ==================================================
[2026-08-28 23:01:11] [INFO   ] [TBCollector] Window 'Total Battle' closed.
[2026-08-28 23:01:11] [INFO   ] [TBCollector] Game closed.
[2026-08-28 23:01:11] [INFO   ] [TBCollector] Execution finished at 2026-08-28 23:01:11 (Duration: 0:01:00.419157)
[2026-08-28 23:04:01] [INFO   ] [TBCollector] Starting Total Battle Collector at 2026-08-28 23:04:01
[2026-08-28 23:04:01] [INFO   ] [TBCollector] Checking if Total Battle is already running...
[2026-08-28 23:04:01] [INFO   ] [TBCollector] Total Battle is not open. Attempting to launch...
[2026-08-28 23:04:01] [INFO   ] [TBCollector] Starting Total Battle Launcher...
[2026-08-28 23:04:02] [INFO   ] [TBCollector] Waiting 15.0s for launcher to start...
[2026-08-28 23:04:18] [INFO   ] [TBCollector] Window 'MainWindow' activated and maximized.
[2026-08-28 23:04:18] [INFO   ] [TBCollector] Clicking Play button at (934, 789)...
[2026-08-28 23:04:29] [INFO   ] [TBCollector] Window 'Total Battle' activated and maximized.
[2026-08-28 23:04:29] [INFO   ] [TBCollector] === Starting Account #1 [account_main]: 'Crash BR' ===
[2026-08-28 23:04:30] [INFO   ] [TBCollector] Account 'Crash BR' active check: False
[2026-08-28 23:04:30] [INFO   ] [TBCollector] Attempt #1 to select account 'Crash BR'
[2026-08-28 23:04:31] [INFO   ] [TBCollector] Account 'Crash BR' not found in current view.
[2026-08-28 23:04:31] [INFO   ] [TBCollector] Scrolling down accounts list...
[2026-08-28 23:04:33] [INFO   ] [TBCollector] Attempt #2 to select account 'Crash BR'
[2026-08-28 23:04:35] [INFO   ] [TBCollector] Found word 'Crash' for target 'Crash BR' at (869, 554)
[2026-08-28 23:04:35] [INFO   ] [TBCollector] Account 'Crash BR' located at (869, 554). Clicking...
[2026-08-28 23:04:38] [INFO   ] [TBCollector] Clicked progress confirmation button at (1058, 644).
[2026-08-28 23:04:38] [INFO   ] [TBCollector] Waiting 15.0s for account switch to complete...
[2026-08-28 23:04:54] [INFO   ] [TBCollector] Window 'Total Battle' activated and maximized.
[2026-08-28 23:04:54] [INFO   ] [TBCollector] Store screen detected. Looking for 'X' button...
[2026-08-28 23:04:56] [INFO   ] [TBCollector] Store popup closed successfully.
[2026-08-28 23:04:56] [INFO   ] [TBCollector] Account 'Crash BR' active check: True
[2026-08-28 23:04:56] [INFO   ] [TBCollector] Connecting to database for account 'Crash BR'...
[2026-08-28 23:04:56] [INFO   ] [TBCollector] Successfully connected to database 'chestcounter' for account 'Crash BR'.
[2026-08-28 23:04:56] [INFO   ] [TBCollector] Opening Clan Gifts menu...
[2026-08-28 23:04:59] [INFO   ] [TBCollector] Clan Gifts menu opened.
[2026-08-28 23:04:59] [INFO   ] [TBCollector] Beginning chest collection loop...
[2026-08-28 23:05:00] [INFO   ] [TBCollector] Chest collected -> Name: 'Trillium Chest', Player: 'hashem', Source: 'Level 35 epic Crypt'
[2026-08-28 23:05:01] [INFO   ] [TBCollector] Chest collected -> Name: 'Braided Chest', Player: 'hashem', Source: 'Level 35 epic Crypt'
[2026-08-28 23:05:02] [INFO   ] [TBCollector] Chest collected -> Name: 'Scorpion Chest', Player: 'hashem', Source: 'Level 35 epic Crypt'
[2026-08-28 23:05:03] [INFO   ] [TBCollector] Chest collected -> Name: 'Arachne Chest', Player: 'Jeremy', Source: 'Arachne’s Swarm Epic squad'
[2026-08-28 23:05:03] [INFO   ] [TBCollector] Chest collected -> Name: 'Arachne Chest', Player: 'Jeremy', Source: 'Arachne’s Swarm Epic squad'
[2026-08-28 23:05:04] [INFO   ] [TBCollector] Chest collected -> Name: 'Arachne Chest', Player: 'Cornella', Source: 'Arachne’s Swarm Epic squad'
[2026-08-28 23:05:05] [INFO   ] [TBCollector] Chest collected -> Name: 'Arachne Chest', Player: 'Jeremy', Source: 'Arachne’s Swarm Epic squad'
[2026-08-28 23:05:06] [INFO   ] [TBCollector] Chest collected -> Name: 'Arachne Chest', Player: 'Jeremy', Source: 'Arachne’s Swarm Epic squad'
[2026-08-28 23:05:07] [INFO   ] [TBCollector] Chest collected -> Name: 'Arachne Chest', Player: 'Cornella', Source: 'Arachne’s Swarm Epic squad'
[2026-08-28 23:05:08] [INFO   ] [TBCollector] Chest collected -> Name: 'Arachne Chest', Player: 'Jeremy', Source: 'Arachne’s Swarm Epic squad'
[2026-08-28 23:05:09] [INFO   ] [TBCollector] Chest collected -> Name: 'Arachne Chest', Player: 'Jeremy', Source: 'Arachne’s Swarm Epic squad'
[2026-08-28 23:05:10] [INFO   ] [TBCollector] Chest collected -> Name: 'Arachne Chest', Player: 'Cornella', Source: 'Arachne’s Swarm Epic squad'
[2026-08-28 23:05:11] [INFO   ] [TBCollector] Chest collected -> Name: 'Bronze Chest', Player: 'Jeremy', Source: 'Bank'
[2026-08-28 23:05:12] [INFO   ] [TBCollector] Chest collected -> Name: 'Bronze Chest', Player: 'Jeremy', Source: 'Bank'
[2026-08-28 23:05:13] [INFO   ] [TBCollector] Chest collected -> Name: 'Bronze Chest', Player: 'Jeremy', Source: 'Bank'
[2026-08-28 23:05:14] [INFO   ] [TBCollector] Chest collected -> Name: 'Bronze Chest', Player: 'Jeremy', Source: 'Bank'
[2026-08-28 23:05:14] [INFO   ] [TBCollector] Chest collected -> Name: 'Bronze Chest', Player: 'Jeremy', Source: 'Bank'
[2026-08-28 23:05:15] [INFO   ] [TBCollector] Chest collected -> Name: 'Bronze Chest', Player: 'Jeremy', Source: 'Bank'
[2026-08-28 23:05:16] [INFO   ] [TBCollector] No more 'Open' buttons detected on screen. Collection finished.
[2026-08-28 23:05:16] [INFO   ] [TBCollector] Database connection closed for 'Crash BR'.
[2026-08-28 23:05:16] [INFO   ] [TBCollector] Summary for 'Crash BR': 18 chests collected, 0 incomplete/errors.
[2026-08-28 23:05:16] [INFO   ] [TBCollector] Completed collection for 'Crash BR'.
[2026-08-28 23:05:16] [INFO   ] [TBCollector] === Starting Account #2 [account_university]: 'Cash BR' ===
[2026-08-28 23:05:17] [INFO   ] [TBCollector] Account 'Cash BR' active check: False
[2026-08-28 23:05:17] [INFO   ] [TBCollector] Attempt #1 to select account 'Cash BR'
[2026-08-28 23:05:18] [INFO   ] [TBCollector] Found word 'BR' for target 'Cash BR' at (1306, 415)
[2026-08-28 23:05:18] [INFO   ] [TBCollector] Account 'Cash BR' located at (1306, 415). Clicking...
[2026-08-28 23:05:20] [WARNING] [TBCollector] Progress confirmation button not found.
[2026-08-28 23:05:20] [INFO   ] [TBCollector] Account 'Cash BR' active check: False
[2026-08-28 23:05:20] [WARNING] [TBCollector] Active account does not match 'Cash BR'. Skipping collection.
[2026-08-28 23:05:20] [INFO   ] [TBCollector] ==================================================
[2026-08-28 23:05:20] [INFO   ] [TBCollector] ALL ACCOUNTS FINISHED: 18 collected, 0 incomplete/errors.
[2026-08-28 23:05:20] [INFO   ] [TBCollector] ==================================================
[2026-08-28 23:05:20] [INFO   ] [TBCollector] Window 'Total Battle' closed.
[2026-08-28 23:05:20] [INFO   ] [TBCollector] Game closed.
[2026-08-28 23:05:20] [INFO   ] [TBCollector] Execution finished at 2026-08-28 23:05:20 (Duration: 0:01:18.975296)
[2026-08-28 23:07:00] [INFO   ] [TBCollector] Starting Total Battle Collector at 2026-08-28 23:07:00
[2026-08-28 23:07:00] [INFO   ] [TBCollector] Checking if Total Battle is already running...
[2026-08-28 23:07:00] [INFO   ] [TBCollector] Total Battle is not open. Attempting to launch...
[2026-08-28 23:07:00] [INFO   ] [TBCollector] Starting Total Battle Launcher...
[2026-08-28 23:07:01] [INFO   ] [TBCollector] Waiting 20.0s for launcher to start...
[2026-08-28 23:07:22] [INFO   ] [TBCollector] Window 'MainWindow' activated and maximized.
[2026-08-28 23:07:22] [INFO   ] [TBCollector] Clicking Play button at (934, 789)...
[2026-08-28 23:07:37] [INFO   ] [TBCollector] Window 'Total Battle' activated and maximized.
[2026-08-28 23:07:38] [INFO   ] [TBCollector] === Starting Account #1 [account_main]: 'Crash BR' ===
[2026-08-28 23:07:39] [INFO   ] [TBCollector] Account 'Crash BR' active check: False
[2026-08-28 23:07:39] [INFO   ] [TBCollector] Attempt #1 to select account 'Crash BR'
[2026-08-28 23:07:40] [INFO   ] [TBCollector] Found word 'Crash' for target 'Crash BR' at (1275, 414)
[2026-08-28 23:07:40] [INFO   ] [TBCollector] Account 'Crash BR' located at (1275, 414). Clicking...
[2026-08-28 23:07:42] [WARNING] [TBCollector] Progress confirmation button not found.
[2026-08-28 23:07:42] [INFO   ] [TBCollector] Account 'Crash BR' active check: False
[2026-08-28 23:07:42] [WARNING] [TBCollector] Active account does not match 'Crash BR'. Skipping collection.
[2026-08-28 23:07:42] [INFO   ] [TBCollector] === Starting Account #2 [account_university]: 'Cash BR' ===
[2026-08-28 23:07:43] [INFO   ] [TBCollector] Account 'Cash BR' active check: False
[2026-08-28 23:07:43] [INFO   ] [TBCollector] Attempt #1 to select account 'Cash BR'
[2026-08-28 23:07:44] [INFO   ] [TBCollector] Found word 'BR' for target 'Cash BR' at (1306, 415)
[2026-08-28 23:07:44] [INFO   ] [TBCollector] Account 'Cash BR' located at (1306, 415). Clicking...
[2026-08-28 23:07:46] [WARNING] [TBCollector] Progress confirmation button not found.
[2026-08-28 23:07:46] [INFO   ] [TBCollector] Account 'Cash BR' active check: False
[2026-08-28 23:07:46] [WARNING] [TBCollector] Active account does not match 'Cash BR'. Skipping collection.
[2026-08-28 23:07:46] [INFO   ] [TBCollector] ==================================================
[2026-08-28 23:07:46] [INFO   ] [TBCollector] ALL ACCOUNTS FINISHED: 0 collected, 0 incomplete/errors.
[2026-08-28 23:07:46] [INFO   ] [TBCollector] ==================================================
[2026-08-28 23:07:46] [INFO   ] [TBCollector] Window 'Total Battle' closed.
[2026-08-28 23:07:46] [INFO   ] [TBCollector] Game closed.
[2026-08-28 23:07:46] [INFO   ] [TBCollector] Execution finished at 2026-08-28 23:07:46 (Duration: 0:00:46.103246)
[2026-08-28 23:17:13] [INFO   ] [TBCollector] Starting Total Battle Collector at 2026-08-28 23:17:13
[2026-08-28 23:17:13] [INFO   ] [TBCollector] Checking if Total Battle is already running...
[2026-08-28 23:17:13] [INFO   ] [TBCollector] Total Battle is not open. Attempting to launch...
[2026-08-28 23:17:13] [INFO   ] [TBCollector] Starting Total Battle Launcher...
[2026-08-28 23:17:14] [INFO   ] [TBCollector] Waiting 20.0s for launcher to start...
[2026-08-28 23:17:35] [INFO   ] [TBCollector] Window 'MainWindow' activated and maximized.
[2026-08-28 23:17:35] [INFO   ] [TBCollector] Clicking Play button at (934, 789)...
[2026-08-28 23:17:50] [INFO   ] [TBCollector] Window 'Total Battle' activated and maximized.
[2026-08-28 23:17:50] [INFO   ] [TBCollector] Waiting up to 15.0s to detect and close any store popups...
[2026-08-28 23:17:52] [INFO   ] [TBCollector] Store screen detected. Looking for 'X' button to close it...
[2026-08-28 23:17:54] [INFO   ] [TBCollector] Store popup closed by clicking 'X' at (1870, 118).
[2026-08-28 23:17:55] [INFO   ] [TBCollector] === Starting Account #1 [account_main]: 'Crash BR' ===
[2026-08-28 23:17:55] [INFO   ] [TBCollector] Waiting up to 6.0s to detect and close any store popups...
[2026-08-28 23:18:02] [INFO   ] [TBCollector] Checking active account in area (711, 106, 931, 126) -> Detected: '| Crash BR' (Clean: '| crash br'), Target: 'Crash BR' (Clean: 'crash br')
[2026-08-28 23:18:02] [INFO   ] [TBCollector] Account 'Crash BR' active check: True
[2026-08-28 23:18:02] [INFO   ] [TBCollector] Account 'Crash BR' is already active. Skipping selection.
[2026-08-28 23:18:02] [INFO   ] [TBCollector] Checking active account in area (711, 106, 931, 126) -> Detected: '| Crash BR' (Clean: '| crash br'), Target: 'Crash BR' (Clean: 'crash br')
[2026-08-28 23:18:02] [INFO   ] [TBCollector] Account 'Crash BR' active check: True
[2026-08-28 23:18:02] [INFO   ] [TBCollector] Connecting to database for account 'Crash BR'...
[2026-08-28 23:18:03] [INFO   ] [TBCollector] Successfully connected to database 'chestcounter' for account 'Crash BR'.
[2026-08-28 23:18:03] [INFO   ] [TBCollector] Opening Clan Gifts menu...
[2026-08-28 23:18:06] [INFO   ] [TBCollector] Clan Gifts menu opened.
[2026-08-28 23:18:06] [INFO   ] [TBCollector] Beginning chest collection loop...
[2026-08-28 23:18:06] [INFO   ] [TBCollector] Chest collected -> Name: 'Arachne Chest', Player: 'Cornella', Source: 'Arachne’s Swarm Epic squad'
[2026-08-28 23:18:07] [INFO   ] [TBCollector] Chest collected -> Name: 'Infernal Chest', Player: 'Mafo Goldside', Source: 'Level 25 Crypt'
[2026-08-28 23:18:08] [INFO   ] [TBCollector] Chest collected -> Name: 'Bone Chest', Player: 'Mafo Goldside', Source: 'Level 25 Crypt'
[2026-08-28 23:18:09] [INFO   ] [TBCollector] Chest collected -> Name: 'Sand Chest', Player: 'Mafo Goldside', Source: 'Level 20 Crypt'
[2026-08-28 23:18:10] [INFO   ] [TBCollector] Chest collected -> Name: 'Rare Dragon Chest', Player: 'HodaYoda |', Source: 'Level 30 rare Crypt'
[2026-08-28 23:18:11] [INFO   ] [TBCollector] Chest collected -> Name: 'Rare Dragon Chest', Player: 'HodaYoda |', Source: 'Level 30 rare Crypt'
[2026-08-28 23:18:12] [INFO   ] [TBCollector] Chest collected -> Name: 'Rare Dragon Chest', Player: 'HodaYoda |', Source: 'Level 30 rare Crypt'
[2026-08-28 23:18:13] [INFO   ] [TBCollector] Chest collected -> Name: 'Rare Dragon Chest', Player: 'HodaYoda |', Source: 'Level 30 rare Crypt'
[2026-08-28 23:18:14] [INFO   ] [TBCollector] Chest collected -> Name: 'Rare Dragon Chest', Player: 'HodaYoda |', Source: 'Level 30 rare Crypt'
[2026-08-28 23:18:15] [INFO   ] [TBCollector] Chest collected -> Name: 'Rare Dragon Chest', Player: 'HodaYoda |', Source: 'Level 30 rare Crypt'
[2026-08-28 23:18:16] [INFO   ] [TBCollector] Chest collected -> Name: 'Rare Dragon Chest', Player: 'HodaYoda |', Source: 'Level 30 rare Crypt'
[2026-08-28 23:18:17] [INFO   ] [TBCollector] Chest collected -> Name: 'Rare Dragon Chest', Player: 'HodaYoda |', Source: 'Level 30 rare Crypt'
[2026-08-28 23:18:17] [INFO   ] [TBCollector] Chest collected -> Name: 'Arachne Chest', Player: 'Dark?', Source: 'Arachne’s Swarm Epic squad'
[2026-08-28 23:18:18] [INFO   ] [TBCollector] Chest collected -> Name: 'Rare Dragon Chest', Player: 'HodaYoda |', Source: 'Level 30 rare Crypt'
[2026-08-28 23:18:19] [INFO   ] [TBCollector] Chest collected -> Name: 'Rare Dragon Chest', Player: 'HodaYoda |', Source: 'Level 30 rare Crypt'
[2026-08-28 23:18:20] [INFO   ] [TBCollector] Chest collected -> Name: 'Rare Dragon Chest', Player: 'HodaYoda |', Source: 'Level 30 rare Crypt'
[2026-08-28 23:18:21] [INFO   ] [TBCollector] Chest collected -> Name: 'Rare Dragon Chest', Player: 'HodaYoda |', Source: 'Level 30 rare Crypt'
[2026-08-28 23:18:22] [INFO   ] [TBCollector] Chest collected -> Name: 'Rare Dragon Chest', Player: 'HodaYoda |', Source: 'Level 30 rare Crypt'
[2026-08-28 23:18:23] [INFO   ] [TBCollector] Chest collected -> Name: 'Rare Dragon Chest', Player: 'HodaYoda |', Source: 'Level 30 rare Crypt'
[2026-08-28 23:18:24] [INFO   ] [TBCollector] Chest collected -> Name: 'Rare Dragon Chest', Player: 'HodaYoda |', Source: 'Level 30 rare Crypt'
[2026-08-28 23:18:25] [INFO   ] [TBCollector] Chest collected -> Name: 'Rare Dragon Chest', Player: 'HodaYoda |', Source: 'Level 30 rare Crypt'
[2026-08-28 23:18:26] [INFO   ] [TBCollector] Chest collected -> Name: 'Rare Dragon Chest', Player: 'HodaYoda |', Source: 'Level 30 rare Crypt'
[2026-08-28 23:18:27] [INFO   ] [TBCollector] Chest collected -> Name: 'Rare Dragon Chest', Player: 'HodaYoda |', Source: 'Level 30 rare Crypt'
[2026-08-28 23:18:28] [INFO   ] [TBCollector] Chest collected -> Name: 'Rare Dragon Chest', Player: 'HodaYoda |', Source: 'Level 30 rare Crypt'
[2026-08-28 23:18:29] [INFO   ] [TBCollector] Chest collected -> Name: 'Rare Dragon Chest', Player: 'HodaYoda |', Source: 'Level 30 rare Crypt'
[2026-08-28 23:18:30] [INFO   ] [TBCollector] Chest collected -> Name: 'Rare Dragon Chest', Player: 'HodaYoda |', Source: 'Level 30 rare Crypt'
[2026-08-28 23:18:30] [INFO   ] [TBCollector] Chest collected -> Name: 'Trillium Chest', Player: 'Mafo Goldside', Source: 'Level 35 epic Crypt'
[2026-08-28 23:18:31] [INFO   ] [TBCollector] Chest collected -> Name: 'Rare Dragon Chest', Player: 'HodaYoda |', Source: 'Level 30 rare Crypt'
[2026-08-28 23:18:32] [INFO   ] [TBCollector] Chest collected -> Name: 'Arachne Chest', Player: 'Funky Monkey Butler', Source: 'Arachne’s Swarm Epic squad'
[2026-08-28 23:18:33] [INFO   ] [TBCollector] Chest collected -> Name: 'Arachne Chest', Player: 'Darth Zannah', Source: 'Arachne’s Swarm Epic squad'
[2026-08-28 23:18:34] [INFO   ] [TBCollector] Chest collected -> Name: 'Arachne Chest', Player: 'Darth Zannah', Source: 'Arachne’s Swarm Epic squad'
[2026-08-28 23:18:35] [INFO   ] [TBCollector] Chest collected -> Name: 'Arachne Chest', Player: 'Darth Zannah', Source: 'Arachne’s Swarm Epic squad'
[2026-08-28 23:18:36] [INFO   ] [TBCollector] Chest collected -> Name: 'Arachne Chest', Player: 'Darth Zannah', Source: 'Arachne’s Swarm Epic squad'
[2026-08-28 23:18:37] [INFO   ] [TBCollector] Chest collected -> Name: 'Arachne Chest', Player: 'Dark?', Source: 'Arachne’s Swarm Epic squad'
[2026-08-28 23:18:38] [INFO   ] [TBCollector] Chest collected -> Name: 'Arachne Chest', Player: 'Asad', Source: 'Arachne’s Swarm Epic squad'
[2026-08-28 23:18:39] [INFO   ] [TBCollector] Chest collected -> Name: 'Arachne Chest', Player: 'Asad', Source: 'Arachne’s Swarm Epic squad'
[2026-08-28 23:18:40] [INFO   ] [TBCollector] Chest collected -> Name: 'Arachne Chest', Player: 'Asad', Source: 'Arachne’s Swarm Epic squad'
[2026-08-28 23:18:41] [INFO   ] [TBCollector] Chest collected -> Name: 'Arachne Chest', Player: 'Nilador', Source: 'Arachne’s Swarm Epic squad'
[2026-08-28 23:18:42] [INFO   ] [TBCollector] Chest collected -> Name: 'Arachne Chest', Player: 'Oath Breaker', Source: 'Arachne’s Swarm Epic squad'
[2026-08-28 23:18:43] [INFO   ] [TBCollector] Chest collected -> Name: 'Arachne Chest', Player: 'Oath Breaker', Source: 'Arachne’s Swarm Epic squad'
[2026-08-28 23:18:44] [INFO   ] [TBCollector] Chest collected -> Name: 'Forgotten Chest', Player: 'Oath Breaker', Source: 'Level 25 Crypt'
[2026-08-28 23:18:45] [INFO   ] [TBCollector] Chest collected -> Name: 'Forgotten Chest', Player: 'Oath Breaker', Source: 'Level 25 Crypt'
[2026-08-28 23:18:46] [INFO   ] [TBCollector] Chest collected -> Name: 'Forgotten Chest', Player: 'aklin gsagar', Source: 'Level 25 Crypt'
[2026-08-28 23:18:47] [INFO   ] [TBCollector] Chest collected -> Name: 'Bone Chest', Player: 'Oath Breaker', Source: 'Level 25 Crypt'
[2026-08-28 23:18:47] [INFO   ] [TBCollector] Chest collected -> Name: 'Fire Chest', Player: 'aklin gagar', Source: 'Level 25 Crypt'
[2026-08-28 23:18:48] [INFO   ] [TBCollector] Chest collected -> Name: 'Arachne Chest', Player: 'Gugenot T6000SK', Source: 'Arachne’s Swarm Epic squad'
[2026-08-28 23:18:49] [INFO   ] [TBCollector] Chest collected -> Name: 'Forgotten Chest', Player: 'aklin gsagar', Source: 'Level 25 Crypt'
[2026-08-28 23:18:50] [INFO   ] [TBCollector] Chest collected -> Name: 'Harpy Chest', Player: 'Oath Breaker', Source: 'Level 35 epic Crypt'
[2026-08-28 23:18:51] [INFO   ] [TBCollector] Chest collected -> Name: 'Cobalt Chest', Player: 'Oath Breaker', Source: 'Level 35 epic Crypt'
[2026-08-28 23:18:52] [INFO   ] [TBCollector] Chest collected -> Name: 'Scarab Chest', Player: 'aklin gagar', Source: 'Level 35 epic Crypt'
[2026-08-28 23:18:53] [INFO   ] [TBCollector] Chest collected -> Name: 'Arachne Chest', Player: 'aklin gsagar', Source: 'Arachne’s Swarm Epic squad'
[2026-08-28 23:18:54] [INFO   ] [TBCollector] Chest collected -> Name: 'Arachne Chest', Player: 'aklin gsagar', Source: 'Arachne’s Swarm Epic squad'
[2026-08-28 23:18:55] [INFO   ] [TBCollector] Chest collected -> Name: 'Arachne Chest', Player: 'NIKA', Source: 'Arachne’s Swarm Epic squad'
[2026-08-28 23:18:56] [INFO   ] [TBCollector] No more 'Open' buttons detected on screen. Collection finished.
[2026-08-28 23:18:56] [INFO   ] [TBCollector] Database connection closed for 'Crash BR'.
[2026-08-28 23:18:56] [INFO   ] [TBCollector] Summary for 'Crash BR': 53 chests collected, 0 incomplete/errors.
[2026-08-28 23:18:56] [INFO   ] [TBCollector] Completed collection for 'Crash BR'.
[2026-08-28 23:18:56] [INFO   ] [TBCollector] === Starting Account #2 [account_university]: 'Cash BR' ===
[2026-08-28 23:18:56] [INFO   ] [TBCollector] Waiting up to 6.0s to detect and close any store popups...
[2026-08-28 23:19:02] [INFO   ] [TBCollector] Checking active account in area (711, 106, 931, 126) -> Detected: '| Crash BR' (Clean: '| crash br'), Target: 'Cash BR' (Clean: 'cash br')
[2026-08-28 23:19:02] [INFO   ] [TBCollector] Account 'Cash BR' active check: False
[2026-08-28 23:19:02] [INFO   ] [TBCollector] Attempt #1 to select account 'Cash BR'
[2026-08-28 23:19:05] [WARNING] [TBCollector] No confident line match for target 'Cash BR' in area (709, 342, 1512, 729). Best was: 'sa, Regular' (0.33)
[2026-08-28 23:19:05] [INFO   ] [TBCollector] Account 'Cash BR' not found in current view.
[2026-08-28 23:19:05] [INFO   ] [TBCollector] Scrolling down accounts list...
[2026-08-28 23:19:07] [INFO   ] [TBCollector] Attempt #2 to select account 'Cash BR'
[2026-08-28 23:19:09] [WARNING] [TBCollector] No confident line match for target 'Cash BR' in area (709, 342, 1512, 729). Best was: 'CREATE SEASONAL PROGRESS |' (0.30)
[2026-08-28 23:19:09] [INFO   ] [TBCollector] Account 'Cash BR' not found in current view.
[2026-08-28 23:19:09] [ERROR  ] [TBCollector] Account 'Cash BR' not found after scrolling.
[2026-08-28 23:19:09] [ERROR  ] [TBCollector] Could not switch to account 'Cash BR'. Skipping to next.
[2026-08-28 23:19:09] [INFO   ] [TBCollector] ==================================================
[2026-08-28 23:19:09] [INFO   ] [TBCollector] ALL ACCOUNTS FINISHED: 53 collected, 0 incomplete/errors.
[2026-08-28 23:19:09] [INFO   ] [TBCollector] ==================================================
[2026-08-28 23:19:09] [INFO   ] [TBCollector] Window 'Total Battle' closed.
[2026-08-28 23:19:09] [INFO   ] [TBCollector] Game closed.
[2026-08-28 23:19:09] [INFO   ] [TBCollector] Execution finished at 2026-08-28 23:19:09 (Duration: 0:01:55.818090)
[2026-08-28 23:25:54] [INFO   ] [TBCollector] Starting Total Battle Collector at 2026-08-28 23:25:54
[2026-08-28 23:25:54] [INFO   ] [TBCollector] Checking if Total Battle is already running...
[2026-08-28 23:25:55] [INFO   ] [TBCollector] Window 'Total Battle' activated and maximized.
[2026-08-28 23:25:55] [INFO   ] [TBCollector] Waiting up to 15.0s to detect and close any store popups...
[2026-08-28 23:25:55] [INFO   ] [TBCollector] Store screen detected. Looking for 'X' button to close it...
[2026-08-28 23:25:57] [INFO   ] [TBCollector] Store popup closed by clicking 'X' at (1870, 118).
[2026-08-28 23:25:58] [INFO   ] [TBCollector] === Starting Account #1 [account_main]: 'Crash BR' ===
[2026-08-28 23:25:58] [INFO   ] [TBCollector] Ensuring clean main screen state (closing any open modals)...
[2026-08-28 23:25:59] [INFO   ] [TBCollector] Waiting up to 6.0s to detect and close any store popups...
[2026-08-28 23:26:06] [INFO   ] [TBCollector] Checking active account in area (711, 106, 931, 126) -> Detected: '| Crash BR' (Clean: '| crash br'), Target: 'Crash BR' (Clean: 'crash br')
[2026-08-28 23:26:06] [INFO   ] [TBCollector] Account 'Crash BR' active check: True
[2026-08-28 23:26:06] [INFO   ] [TBCollector] Account 'Crash BR' is already active. Skipping selection.
[2026-08-28 23:26:06] [INFO   ] [TBCollector] Checking active account in area (711, 106, 931, 126) -> Detected: '| Crash BR' (Clean: '| crash br'), Target: 'Crash BR' (Clean: 'crash br')
[2026-08-28 23:26:06] [INFO   ] [TBCollector] Account 'Crash BR' active check: True
[2026-08-28 23:26:06] [INFO   ] [TBCollector] Connecting to database for account 'Crash BR'...
[2026-08-28 23:26:06] [INFO   ] [TBCollector] Successfully connected to database 'chestcounter' for account 'Crash BR'.
[2026-08-28 23:26:06] [INFO   ] [TBCollector] Opening Clan Gifts menu...
[2026-08-28 23:26:10] [INFO   ] [TBCollector] Clan Gifts menu opened.
[2026-08-28 23:26:10] [INFO   ] [TBCollector] Beginning chest collection loop...
[2026-08-28 23:26:10] [INFO   ] [TBCollector] Chest collected -> Name: 'Arachne Chest', Player: 'NIKA', Source: 'Arachne’s Swarm Epic squad'
[2026-08-28 23:26:11] [INFO   ] [TBCollector] Chest collected -> Name: 'Arachne Chest', Player: 'NIKA', Source: 'Arachne’s Swarm Epic squad'
[2026-08-28 23:26:12] [INFO   ] [TBCollector] Chest collected -> Name: 'Arachne Chest', Player: 'Gugenot T6000SK', Source: 'Arachne’s Swarm Epic squad'
[2026-08-28 23:26:13] [INFO   ] [TBCollector] Chest collected -> Name: 'Arachne Chest', Player: 'ARSHAN', Source: 'Arachne’s Swarm Epic squad'
[2026-08-28 23:26:14] [INFO   ] [TBCollector] Chest collected -> Name: 'Arachne Chest', Player: 'aklin gsagar', Source: 'Arachne’s Swarm Epic squad'
[2026-08-28 23:26:14] [INFO   ] [TBCollector] Chest collected -> Name: 'Arachne Chest', Player: 'NIKA', Source: 'Arachne’s Swarm Epic squad'
[2026-08-28 23:26:15] [INFO   ] [TBCollector] Chest collected -> Name: 'Arachne Chest', Player: 'aklin gsagar', Source: 'Arachne’s Swarm Epic squad'
[2026-08-28 23:26:16] [INFO   ] [TBCollector] Chest collected -> Name: 'Arachne Chest', Player: 'aklin gsagar', Source: 'Arachne’s Swarm Epic squad'
[2026-08-28 23:26:17] [INFO   ] [TBCollector] Chest collected -> Name: 'Arachne Chest', Player: 'ARSHAN', Source: 'Arachne’s Swarm Epic squad'
[2026-08-28 23:26:18] [INFO   ] [TBCollector] Chest collected -> Name: 'Scarab Chest', Player: 'Gugenot T6000SK', Source: 'Level 25 epic Crypt'
[2026-08-28 23:26:19] [INFO   ] [TBCollector] Chest collected -> Name: 'Arachne Chest', Player: 'NIKA', Source: 'Arachne’s Swarm Epic squad'
[2026-08-28 23:26:20] [INFO   ] [TBCollector] Chest collected -> Name: 'White Wood Chest', Player: 'Gugenot T6000SK', Source: 'Level 25 epic Crypt'
[2026-08-28 23:26:21] [INFO   ] [TBCollector] No more 'Open' buttons detected on screen. Collection finished.
[2026-08-28 23:26:21] [INFO   ] [TBCollector] Database connection closed for 'Crash BR'.
[2026-08-28 23:26:21] [INFO   ] [TBCollector] Summary for 'Crash BR': 12 chests collected, 0 incomplete/errors.
[2026-08-28 23:26:21] [INFO   ] [TBCollector] Completed collection for 'Crash BR'.
[2026-08-28 23:26:21] [INFO   ] [TBCollector] === Starting Account #2 [account_university]: 'Cash BR' ===
[2026-08-28 23:26:21] [INFO   ] [TBCollector] Ensuring clean main screen state (closing any open modals)...
[2026-08-28 23:26:22] [INFO   ] [TBCollector] Waiting up to 6.0s to detect and close any store popups...
[2026-08-28 23:26:29] [INFO   ] [TBCollector] Checking active account in area (711, 106, 931, 126) -> Detected: '| Crash BR' (Clean: '| crash br'), Target: 'Cash BR' (Clean: 'cash br')
[2026-08-28 23:26:29] [INFO   ] [TBCollector] Account 'Cash BR' active check: False
[2026-08-28 23:26:29] [INFO   ] [TBCollector] Attempt #1 to select account 'Cash BR'
[2026-08-28 23:26:29] [INFO   ] [TBCollector] Opening Account Menu at (1700, 54)...
[2026-08-28 23:26:31] [INFO   ] [TBCollector] Account 'Cash BR' found -> matched 'cash br' (Score: 1.00) at (879, 554).
[2026-08-28 23:26:31] [INFO   ] [TBCollector] Clicking account entry at (879, 554)...
[2026-08-28 23:26:35] [INFO   ] [TBCollector] Clicked progress confirmation button at (1058, 644).
[2026-08-28 23:26:35] [INFO   ] [TBCollector] Waiting 20.0s for account switch to complete...
[2026-08-28 23:26:56] [INFO   ] [TBCollector] Window 'Total Battle' activated and maximized.
[2026-08-28 23:26:56] [INFO   ] [TBCollector] Waiting up to 15.0s to detect and close any store popups...
[2026-08-28 23:26:56] [INFO   ] [TBCollector] Store screen detected. Looking for 'X' button to close it...
[2026-08-28 23:26:58] [INFO   ] [TBCollector] Store popup closed by clicking 'X' at (1870, 118).
[2026-08-28 23:27:00] [INFO   ] [TBCollector] Checking active account in area (711, 106, 931, 126) -> Detected: '| Cash BR' (Clean: '| cash br'), Target: 'Cash BR' (Clean: 'cash br')
[2026-08-28 23:27:00] [INFO   ] [TBCollector] Account 'Cash BR' active check: True
[2026-08-28 23:27:00] [INFO   ] [TBCollector] Connecting to database for account 'Cash BR'...
[2026-08-28 23:27:00] [INFO   ] [TBCollector] Successfully connected to database 'chestcounteruni' for account 'Cash BR'.
[2026-08-28 23:27:00] [INFO   ] [TBCollector] Opening Clan Gifts menu...
[2026-08-28 23:27:03] [INFO   ] [TBCollector] Clan Gifts menu opened.
[2026-08-28 23:27:03] [INFO   ] [TBCollector] Beginning chest collection loop...
[2026-08-28 23:27:03] [INFO   ] [TBCollector] Chest collected -> Name: 'Priest’s Chest', Player: 'Ventura III', Source: 'Level 30 epic Crypt'
[2026-08-28 23:27:04] [INFO   ] [TBCollector] Chest collected -> Name: 'Priest’s Chest', Player: 'Ventura III', Source: 'Level 30 epic Crypt'
[2026-08-28 23:27:05] [INFO   ] [TBCollector] Chest collected -> Name: 'Ancient Warrior's Chest', Player: 'Ventura III', Source: 'Level 30 epic Crypt'
[2026-08-28 23:27:06] [INFO   ] [TBCollector] Chest collected -> Name: 'Chest of the Cursed', Player: 'Ventura III', Source: 'Level 30 epic Crypt'
[2026-08-28 23:27:07] [INFO   ] [TBCollector] Chest collected -> Name: 'Chest of the Cursed', Player: 'Ventura III', Source: 'Level 30 epic Crypt'
[2026-08-28 23:27:08] [INFO   ] [TBCollector] Chest collected -> Name: 'Ancient Warrior's Chest', Player: 'Ventura III', Source: 'Level 30 epic Crypt'
[2026-08-28 23:27:09] [INFO   ] [TBCollector] Chest collected -> Name: 'Trillium Chest', Player: 'Ventura III', Source: 'Level 30 epic Crypt'
[2026-08-28 23:27:10] [INFO   ] [TBCollector] Chest collected -> Name: 'Chest of the Cursed', Player: 'Ventura III', Source: 'Level 30 epic Crypt'
[2026-08-28 23:27:11] [INFO   ] [TBCollector] Chest collected -> Name: 'Trillium Chest', Player: 'Ventura III', Source: 'Level 30 epic Crypt'
[2026-08-28 23:27:12] [INFO   ] [TBCollector] Chest collected -> Name: 'Priest’s Chest', Player: 'Ventura III', Source: 'Level 30 epic Crypt'
[2026-08-28 23:27:13] [INFO   ] [TBCollector] Chest collected -> Name: 'Chest of the Cursed', Player: 'Ventura III', Source: 'Level 30 epic Crypt'
[2026-08-28 23:27:14] [INFO   ] [TBCollector] Chest collected -> Name: 'Trillium Chest', Player: 'Ventura III', Source: 'Level 30 epic Crypt'
[2026-08-28 23:27:15] [INFO   ] [TBCollector] Chest collected -> Name: 'Ancient Warrior's Chest', Player: 'Ventura III', Source: 'Level 30 epic Crypt'
[2026-08-28 23:27:15] [INFO   ] [TBCollector] Chest collected -> Name: 'Chest of the Cursed', Player: 'Ventura III', Source: 'Level 30 epic Crypt'
[2026-08-28 23:27:16] [INFO   ] [TBCollector] Chest collected -> Name: 'Trillium Chest', Player: 'Ventura III', Source: 'Level 30 epic Crypt'
[2026-08-28 23:27:17] [INFO   ] [TBCollector] Chest collected -> Name: 'Trillium Chest', Player: 'Ventura III', Source: 'Level 30 epic Crypt'
[2026-08-28 23:27:18] [INFO   ] [TBCollector] Chest collected -> Name: 'Rare Dragon Chest', Player: 'ALOK BR', Source: 'Level 25 rare Crypt'
[2026-08-28 23:27:19] [INFO   ] [TBCollector] Chest collected -> Name: 'Trillium Chest', Player: 'Ventura III', Source: 'Level 30 epic Crypt'
[2026-08-28 23:27:20] [INFO   ] [TBCollector] Chest collected -> Name: 'Rare Dragon Chest', Player: 'ALOK BR', Source: 'Level 30 rare Crypt'
[2026-08-28 23:27:21] [INFO   ] [TBCollector] Chest collected -> Name: 'Chest of the Cursed', Player: 'Ventura III', Source: 'Level 30 epic Crypt'
[2026-08-28 23:27:22] [INFO   ] [TBCollector] No more 'Open' buttons detected on screen. Collection finished.
[2026-08-28 23:27:22] [INFO   ] [TBCollector] Database connection closed for 'Cash BR'.
[2026-08-28 23:27:22] [INFO   ] [TBCollector] Summary for 'Cash BR': 20 chests collected, 0 incomplete/errors.
[2026-08-28 23:27:22] [INFO   ] [TBCollector] Completed collection for 'Cash BR'.
[2026-08-28 23:27:22] [INFO   ] [TBCollector] ==================================================
[2026-08-28 23:27:22] [INFO   ] [TBCollector] ALL ACCOUNTS FINISHED: 32 collected, 0 incomplete/errors.
[2026-08-28 23:27:22] [INFO   ] [TBCollector] ==================================================
[2026-08-28 23:27:22] [INFO   ] [TBCollector] Window 'Total Battle' closed.
[2026-08-28 23:27:22] [INFO   ] [TBCollector] Game closed.
[2026-08-28 23:27:22] [INFO   ] [TBCollector] Execution finished at 2026-08-28 23:27:22 (Duration: 0:01:27.872961)
[2026-08-28 23:49:40] [INFO   ] [TBCollector] Starting Total Battle Collector at 2026-08-28 23:49:40
[2026-08-28 23:49:40] [INFO   ] [TBCollector] Checking if Total Battle is already running...
[2026-08-28 23:49:40] [INFO   ] [TBCollector] Window 'Total Battle' activated and maximized.
[2026-08-28 23:49:40] [INFO   ] [TBCollector] Waiting up to 15.0s to detect and close any store popups...
[2026-08-28 23:49:56] [INFO   ] [TBCollector] === Starting Account #1 [account_main]: 'Crash BR' ===
[2026-08-28 23:49:56] [INFO   ] [TBCollector] Ensuring clean main screen state (closing any open modals)...
[2026-08-28 23:49:57] [INFO   ] [TBCollector] Waiting up to 6.0s to detect and close any store popups...
[2026-08-28 23:50:04] [INFO   ] [TBCollector] Checking active account in area (711, 106, 931, 126) -> Detected: '| Crash BR' (Clean: '| crash br'), Target: 'Crash BR' (Clean: 'crash br')
[2026-08-28 23:50:04] [INFO   ] [TBCollector] Account 'Crash BR' active check: True
[2026-08-28 23:50:04] [INFO   ] [TBCollector] Account 'Crash BR' is already active. Skipping selection.
[2026-08-28 23:50:04] [INFO   ] [TBCollector] Checking active account in area (711, 106, 931, 126) -> Detected: '| Crash BR' (Clean: '| crash br'), Target: 'Crash BR' (Clean: 'crash br')
[2026-08-28 23:50:04] [INFO   ] [TBCollector] Account 'Crash BR' active check: True
[2026-08-28 23:50:04] [INFO   ] [TBCollector] Connecting to database for account 'Crash BR'...
[2026-08-28 23:50:05] [INFO   ] [TBCollector] Successfully connected to database 'chestcounter' for account 'Crash BR'.
[2026-08-28 23:50:05] [INFO   ] [TBCollector] Opening Clan Gifts menu...
[2026-08-28 23:50:08] [INFO   ] [TBCollector] Clan Gifts menu opened.
[2026-08-28 23:50:08] [INFO   ] [TBCollector] Beginning chest collection loop in tab: 'Gifts'...
[2026-08-28 23:50:08] [INFO   ] [TBCollector] Chest collected -> Name: 'Arachne Chest', Player: 'Annihitator', Source: 'Arachne’s Swarm Epic squad'
[2026-08-28 23:50:09] [INFO   ] [TBCollector] No more 'Open' buttons detected in tab 'Gifts'.
[2026-08-28 23:50:09] [INFO   ] [TBCollector] Tab 'Gifts' finished: 1 collected, 0 incomplete.
[2026-08-28 23:50:09] [INFO   ] [TBCollector] Switching to 'Triumphal Gifts' tab...
[2026-08-28 23:50:10] [INFO   ] [TBCollector] Account 'Triumphal' found -> matched 'Triumphal' (Score: 1.00) at (1025, 307).
[2026-08-28 23:50:11] [INFO   ] [TBCollector] Clicked 'Triumphal Gifts' tab at (1025, 307).
[2026-08-28 23:50:11] [INFO   ] [TBCollector] Beginning chest collection loop in tab: 'Triumphal Gifts'...
[2026-08-28 23:50:11] [INFO   ] [TBCollector] No more 'Open' buttons detected in tab 'Triumphal Gifts'.
[2026-08-28 23:50:11] [INFO   ] [TBCollector] Tab 'Triumphal Gifts' finished: 0 collected, 0 incomplete.
[2026-08-28 23:50:11] [INFO   ] [TBCollector] Switching back to standard 'Gifts' tab...
[2026-08-28 23:50:13] [INFO   ] [TBCollector] Database connection closed for 'Crash BR'.
[2026-08-28 23:50:13] [INFO   ] [TBCollector] Summary for 'Crash BR': 1 total chests collected (1 Gifts + 0 Triumphal Gifts), 0 incomplete/errors.
[2026-08-28 23:50:13] [INFO   ] [TBCollector] Completed collection for 'Crash BR'.
[2026-08-28 23:50:13] [INFO   ] [TBCollector] === Starting Account #2 [account_university]: 'Cash BR' ===
[2026-08-28 23:50:13] [INFO   ] [TBCollector] Ensuring clean main screen state (closing any open modals)...
[2026-08-28 23:50:14] [INFO   ] [TBCollector] Waiting up to 6.0s to detect and close any store popups...
[2026-08-28 23:50:21] [INFO   ] [TBCollector] Checking active account in area (711, 106, 931, 126) -> Detected: '| Crash BR' (Clean: '| crash br'), Target: 'Cash BR' (Clean: 'cash br')
[2026-08-28 23:50:21] [INFO   ] [TBCollector] Account 'Cash BR' active check: False
[2026-08-28 23:50:21] [INFO   ] [TBCollector] Attempt #1 to select account 'Cash BR'
[2026-08-28 23:50:21] [INFO   ] [TBCollector] Opening Account Menu at (1700, 54)...
[2026-08-28 23:50:23] [INFO   ] [TBCollector] Account 'Cash BR' found -> matched 'cash br' (Score: 1.00) at (879, 554).
[2026-08-28 23:50:23] [INFO   ] [TBCollector] Clicking account entry at (879, 554)...
[2026-08-28 23:50:27] [INFO   ] [TBCollector] Clicked progress confirmation button at (1058, 644).
[2026-08-28 23:50:27] [INFO   ] [TBCollector] Waiting 20.0s for account switch to complete...
[2026-08-28 23:50:48] [INFO   ] [TBCollector] Window 'Total Battle' activated and maximized.
[2026-08-28 23:50:48] [INFO   ] [TBCollector] Waiting up to 15.0s to detect and close any store popups...
[2026-08-28 23:50:48] [INFO   ] [TBCollector] Store screen detected. Looking for 'X' button to close it...
[2026-08-28 23:50:50] [INFO   ] [TBCollector] Store popup closed by clicking 'X' at (1870, 118).
[2026-08-28 23:50:52] [INFO   ] [TBCollector] Checking active account in area (711, 106, 931, 126) -> Detected: '| Cash BR' (Clean: '| cash br'), Target: 'Cash BR' (Clean: 'cash br')
[2026-08-28 23:50:52] [INFO   ] [TBCollector] Account 'Cash BR' active check: True
[2026-08-28 23:50:52] [INFO   ] [TBCollector] Connecting to database for account 'Cash BR'...
[2026-08-28 23:50:52] [INFO   ] [TBCollector] Successfully connected to database 'chestcounteruni' for account 'Cash BR'.
[2026-08-28 23:50:52] [INFO   ] [TBCollector] Opening Clan Gifts menu...
[2026-08-28 23:50:55] [INFO   ] [TBCollector] Clan Gifts menu opened.
[2026-08-28 23:50:55] [INFO   ] [TBCollector] Beginning chest collection loop in tab: 'Gifts'...
[2026-08-28 23:50:55] [INFO   ] [TBCollector] Chest collected -> Name: 'Ancient Bastion Chest', Player: 'LINDA', Source: 'Level 35 epic Crypt'
[2026-08-28 23:50:56] [INFO   ] [TBCollector] Chest collected -> Name: 'Abandoned Chest', Player: 'LINDA', Source: 'Level 35 epic Crypt'
[2026-08-28 23:50:57] [INFO   ] [TBCollector] No more 'Open' buttons detected in tab 'Gifts'.
[2026-08-28 23:50:57] [INFO   ] [TBCollector] Tab 'Gifts' finished: 2 collected, 0 incomplete.
[2026-08-28 23:50:57] [INFO   ] [TBCollector] Switching to 'Triumphal Gifts' tab...
[2026-08-28 23:50:57] [INFO   ] [TBCollector] Account 'Triumphal' found -> matched 'Triumphal' (Score: 1.00) at (1025, 307).
[2026-08-28 23:50:59] [INFO   ] [TBCollector] Clicked 'Triumphal Gifts' tab at (1025, 307).
[2026-08-28 23:50:59] [INFO   ] [TBCollector] Beginning chest collection loop in tab: 'Triumphal Gifts'...
[2026-08-28 23:50:59] [INFO   ] [TBCollector] No more 'Open' buttons detected in tab 'Triumphal Gifts'.
[2026-08-28 23:50:59] [INFO   ] [TBCollector] Tab 'Triumphal Gifts' finished: 0 collected, 0 incomplete.
[2026-08-28 23:50:59] [INFO   ] [TBCollector] Switching back to standard 'Gifts' tab...
[2026-08-28 23:51:01] [INFO   ] [TBCollector] Database connection closed for 'Cash BR'.
[2026-08-28 23:51:01] [INFO   ] [TBCollector] Summary for 'Cash BR': 2 total chests collected (2 Gifts + 0 Triumphal Gifts), 0 incomplete/errors.
[2026-08-28 23:51:01] [INFO   ] [TBCollector] Completed collection for 'Cash BR'.
[2026-08-28 23:51:01] [INFO   ] [TBCollector] ==================================================
[2026-08-28 23:51:01] [INFO   ] [TBCollector] ALL ACCOUNTS FINISHED: 3 collected, 0 incomplete/errors.
[2026-08-28 23:51:01] [INFO   ] [TBCollector] ==================================================
[2026-08-28 23:51:01] [INFO   ] [TBCollector] Window 'Total Battle' closed.
[2026-08-28 23:51:01] [INFO   ] [TBCollector] Game closed.
[2026-08-28 23:51:01] [INFO   ] [TBCollector] Execution finished at 2026-08-28 23:51:01 (Duration: 0:01:21.123127)
